\BOOKMARK [1][-]{section.1}{\376\377\133\236\232\214\0001\377\032\145\160\143\156\210\150\171\072\124\214\173\111\145\110\217\320\173\227}{}% 1
\BOOKMARK [2][-]{subsection.1.1}{\376\377\133\236\232\214\151\202\217\360}{section.1}% 2
\BOOKMARK [2][-]{subsection.1.2}{\376\377\133\236\232\214\121\205\133\271}{section.1}% 3
\BOOKMARK [2][-]{subsection.1.3}{\376\377\133\236\232\214\213\276\213\241}{section.1}% 4
\BOOKMARK [2][-]{subsection.1.4}{\376\377\133\236\232\214\217\307\172\013}{section.1}% 5
\BOOKMARK [3][-]{subsubsection.1.4.1}{\376\377\163\257\130\203\121\306\131\007}{subsection.1.4}% 6
\BOOKMARK [3][-]{subsubsection.1.4.2}{\376\377\121\167\117\123\133\236\145\275\153\145\232\244}{subsection.1.4}% 7
\BOOKMARK [2][-]{subsection.1.5}{\376\377\133\236\232\214\176\323\147\234}{section.1}% 8
\BOOKMARK [3][-]{subsubsection.1.5.1}{\376\377\176\323\147\234\134\125\171\072}{subsection.1.5}% 9
\BOOKMARK [3][-]{subsubsection.1.5.2}{\376\377\176\323\147\234\122\006\147\220}{subsection.1.5}% 10
\BOOKMARK [2][-]{subsection.1.6}{\376\377\133\236\232\214\134\017\176\323}{section.1}% 11
\BOOKMARK [3][-]{subsubsection.1.6.1}{\376\377\164\006\213\272\116\016\145\271\154\325\140\073\176\323}{subsection.1.6}% 12
\BOOKMARK [3][-]{subsubsection.1.6.2}{\376\377\176\323\147\234\116\016\145\066\203\267\140\073\176\323}{subsection.1.6}% 13
\BOOKMARK [1][-]{section.2}{\376\377\133\236\232\214\0002\377\032\154\107\177\026\124\214\000C\166\204\155\367\124\010\177\026\172\013\123\312\117\030\123\026}{}% 14
\BOOKMARK [2][-]{subsection.2.1}{\376\377\133\236\232\214\151\202\217\360}{section.2}% 15
\BOOKMARK [2][-]{subsection.2.2}{\376\377\133\236\232\214\121\205\133\271}{section.2}% 16
\BOOKMARK [2][-]{subsection.2.3}{\376\377\133\236\232\214\213\276\213\241}{section.2}% 17
\BOOKMARK [3][-]{subsubsection.2.3.1}{\376\377\211\343\230\230\140\035\215\357\122\006\147\220}{subsection.2.3}% 18
\BOOKMARK [3][-]{subsubsection.2.3.2}{\376\377\142\200\147\057\116\016\145\271\154\325}{subsection.2.3}% 19
\BOOKMARK [2][-]{subsection.2.4}{\376\377\133\236\232\214\217\307\172\013}{section.2}% 20
\BOOKMARK [3][-]{subsubsection.2.4.1}{\376\377\163\257\130\203\121\306\131\007}{subsection.2.4}% 21
\BOOKMARK [3][-]{subsubsection.2.4.2}{\376\377\121\167\117\123\133\236\145\275\153\145\232\244}{subsection.2.4}% 22
\BOOKMARK [2][-]{subsection.2.5}{\376\377\133\236\232\214\176\323\147\234}{section.2}% 23
\BOOKMARK [3][-]{subsubsection.2.5.1}{\376\377\176\323\147\234\134\125\171\072}{subsection.2.5}% 24
\BOOKMARK [3][-]{subsubsection.2.5.2}{\376\377\176\323\147\234\122\006\147\220}{subsection.2.5}% 25
\BOOKMARK [2][-]{subsection.2.6}{\376\377\133\236\232\214\134\017\176\323}{section.2}% 26
\BOOKMARK [3][-]{subsubsection.2.6.1}{\376\377\164\006\213\272\116\016\145\271\154\325\140\073\176\323}{subsection.2.6}% 27
\BOOKMARK [3][-]{subsubsection.2.6.2}{\376\377\176\323\147\234\116\016\145\066\203\267\140\073\176\323}{subsection.2.6}% 28
\BOOKMARK [1][-]{section.3}{\376\377\133\236\232\214\0003\377\032\147\072\126\150\176\247\213\355\212\000\164\006\211\343\000\050\116\214\217\333\122\066\160\270\137\071\142\306\226\144\000\051}{}% 29
\BOOKMARK [2][-]{subsection.3.1}{\376\377\133\236\232\214\151\202\217\360}{section.3}% 30
\BOOKMARK [2][-]{subsection.3.2}{\376\377\133\236\232\214\121\205\133\271}{section.3}% 31
\BOOKMARK [2][-]{subsection.3.3}{\376\377\133\236\232\214\213\276\213\241}{section.3}% 32
\BOOKMARK [3][-]{subsubsection.3.3.1}{\376\377\211\343\230\230\140\035\215\357\122\006\147\220}{subsection.3.3}% 33
\BOOKMARK [3][-]{subsubsection.3.3.2}{\376\377\142\200\147\057\116\016\145\271\154\325}{subsection.3.3}% 34
\BOOKMARK [2][-]{subsection.3.4}{\376\377\133\236\232\214\217\307\172\013}{section.3}% 35
\BOOKMARK [3][-]{subsubsection.3.4.1}{\376\377\163\257\130\203\121\306\131\007}{subsection.3.4}% 36
\BOOKMARK [3][-]{subsubsection.3.4.2}{\376\377\121\167\117\123\133\236\145\275\153\145\232\244}{subsection.3.4}% 37
\BOOKMARK [2][-]{subsection.3.5}{\376\377\133\236\232\214\176\323\147\234}{section.3}% 38
\BOOKMARK [3][-]{subsubsection.3.5.1}{\376\377\176\323\147\234\134\125\171\072}{subsection.3.5}% 39
\BOOKMARK [3][-]{subsubsection.3.5.2}{\376\377\176\323\147\234\122\006\147\220}{subsection.3.5}% 40
\BOOKMARK [2][-]{subsection.3.6}{\376\377\133\236\232\214\134\017\176\323}{section.3}% 41
\BOOKMARK [3][-]{subsubsection.3.6.1}{\376\377\164\006\213\272\116\016\145\271\154\325\140\073\176\323}{subsection.3.6}% 42
\BOOKMARK [3][-]{subsubsection.3.6.2}{\376\377\176\323\147\234\116\016\145\066\203\267\140\073\176\323}{subsection.3.6}% 43
\BOOKMARK [1][-]{section.4}{\376\377\133\236\232\214\0004\377\032\177\023\121\262\123\072\156\242\121\372\145\073\121\373}{}% 44
\BOOKMARK [2][-]{subsection.4.1}{\376\377\133\236\232\214\151\202\217\360}{section.4}% 45
\BOOKMARK [2][-]{subsection.4.2}{\376\377\133\236\232\214\121\205\133\271}{section.4}% 46
\BOOKMARK [2][-]{subsection.4.3}{\376\377\133\236\232\214\213\276\213\241}{section.4}% 47
\BOOKMARK [3][-]{subsubsection.4.3.1}{\376\377\211\343\230\230\140\035\215\357\122\006\147\220}{subsection.4.3}% 48
\BOOKMARK [3][-]{subsubsection.4.3.2}{\376\377\142\200\147\057\116\016\145\271\154\325}{subsection.4.3}% 49
\BOOKMARK [2][-]{subsection.4.4}{\376\377\133\236\232\214\217\307\172\013}{section.4}% 50
\BOOKMARK [3][-]{subsubsection.4.4.1}{\376\377\163\257\130\203\121\306\131\007}{subsection.4.4}% 51
\BOOKMARK [3][-]{subsubsection.4.4.2}{\376\377\121\167\117\123\133\236\145\275\153\145\232\244}{subsection.4.4}% 52
\BOOKMARK [2][-]{subsection.4.5}{\376\377\133\236\232\214\176\323\147\234}{section.4}% 53
\BOOKMARK [3][-]{subsubsection.4.5.1}{\376\377\176\323\147\234\134\125\171\072}{subsection.4.5}% 54
\BOOKMARK [3][-]{subsubsection.4.5.2}{\376\377\176\323\147\234\122\006\147\220}{subsection.4.5}% 55
\BOOKMARK [2][-]{subsection.4.6}{\376\377\133\236\232\214\134\017\176\323}{section.4}% 56
\BOOKMARK [3][-]{subsubsection.4.6.1}{\376\377\164\006\213\272\116\016\145\271\154\325\140\073\176\323}{subsection.4.6}% 57
\BOOKMARK [3][-]{subsubsection.4.6.2}{\376\377\176\323\147\234\116\016\145\066\203\267\140\073\176\323}{subsection.4.6}% 58
\BOOKMARK [1][-]{section.5}{\376\377\133\236\232\214\0005\377\032\000E\000L\000F\000\040\145\207\116\366\116\016\172\013\136\217\224\376\143\245}{}% 59
\BOOKMARK [2][-]{subsection.5.1}{\376\377\133\236\232\214\151\202\217\360}{section.5}% 60
\BOOKMARK [2][-]{subsection.5.2}{\376\377\133\236\232\214\121\205\133\271}{section.5}% 61
\BOOKMARK [2][-]{subsection.5.3}{\376\377\133\236\232\214\213\276\213\241}{section.5}% 62
\BOOKMARK [3][-]{subsubsection.5.3.1}{\376\377\211\343\230\230\140\035\215\357\122\006\147\220}{subsection.5.3}% 63
\BOOKMARK [3][-]{subsubsection.5.3.2}{\376\377\142\200\147\057\116\016\145\271\154\325}{subsection.5.3}% 64
\BOOKMARK [2][-]{subsection.5.4}{\376\377\133\236\232\214\217\307\172\013}{section.5}% 65
\BOOKMARK [3][-]{subsubsection.5.4.1}{\376\377\163\257\130\203\121\306\131\007}{subsection.5.4}% 66
\BOOKMARK [3][-]{subsubsection.5.4.2}{\376\377\121\167\117\123\133\236\145\275\153\145\232\244}{subsection.5.4}% 67
\BOOKMARK [2][-]{subsection.5.5}{\376\377\133\236\232\214\176\323\147\234}{section.5}% 68
\BOOKMARK [3][-]{subsubsection.5.5.1}{\376\377\176\323\147\234\134\125\171\072}{subsection.5.5}% 69
\BOOKMARK [3][-]{subsubsection.5.5.2}{\376\377\176\323\147\234\122\006\147\220}{subsection.5.5}% 70
\BOOKMARK [2][-]{subsection.5.6}{\376\377\133\236\232\214\134\017\176\323}{section.5}% 71
\BOOKMARK [3][-]{subsubsection.5.6.1}{\376\377\164\006\213\272\116\016\145\271\154\325\140\073\176\323}{subsection.5.6}% 72
\BOOKMARK [3][-]{subsubsection.5.6.2}{\376\377\176\323\147\234\116\016\145\066\203\267\140\073\176\323}{subsection.5.6}% 73
\BOOKMARK [1][-]{section.6}{\376\377\133\236\232\214\140\073\176\323}{}% 74
\BOOKMARK [1][-]{appendix.A}{\376\377\226\104\137\125\377\032\133\236\232\214\156\220\116\343\170\001}{}% 75
\BOOKMARK [2][-]{subsection.A.1}{\376\377\133\236\232\214\166\356\137\125\176\323\147\204}{appendix.A}% 76
\BOOKMARK [2][-]{subsection.A.2}{\376\377\150\070\137\303\172\013\136\217\156\220\116\343\170\001}{appendix.A}% 77
\BOOKMARK [1][-]{section*.3}{\376\377\123\302\200\003\145\207\163\056}{}% 78
