\BOOKMARK [1][-]{section.1}{\376\377\133\236\232\214\0001\377\032\130\153\121\231\133\236\232\214\124\015\171\360}{}% 1
\BOOKMARK [2][-]{subsection.1.1}{\376\377\133\236\232\214\151\202\217\360}{section.1}% 2
\BOOKMARK [3][-]{subsubsection.1.1.1}{\376\377\133\236\232\214\166\356\166\204\116\016\141\017\116\111}{subsection.1.1}% 3
\BOOKMARK [3][-]{subsubsection.1.1.2}{\376\377\133\236\232\214\166\356\150\007\116\016\211\201\154\102}{subsection.1.1}% 4
\BOOKMARK [2][-]{subsection.1.2}{\376\377\133\236\232\214\121\205\133\271}{section.1}% 5
\BOOKMARK [3][-]{subsubsection.1.2.1}{\376\377\116\073\211\201\116\373\122\241}{subsection.1.2}% 6
\BOOKMARK [3][-]{subsubsection.1.2.2}{\376\377\226\066\153\265\133\211\143\222}{subsection.1.2}% 7
\BOOKMARK [2][-]{subsection.1.3}{\376\377\133\236\232\214\213\276\213\241}{section.1}% 8
\BOOKMARK [3][-]{subsubsection.1.3.1}{\376\377\211\343\230\230\140\035\215\357\122\006\147\220}{subsection.1.3}% 9
\BOOKMARK [3][-]{subsubsection.1.3.2}{\376\377\142\200\147\057\116\016\145\271\154\325}{subsection.1.3}% 10
\BOOKMARK [2][-]{subsection.1.4}{\376\377\133\236\232\214\217\307\172\013}{section.1}% 11
\BOOKMARK [3][-]{subsubsection.1.4.1}{\376\377\163\257\130\203\121\306\131\007}{subsection.1.4}% 12
\BOOKMARK [3][-]{subsubsection.1.4.2}{\376\377\121\167\117\123\133\236\145\275\153\145\232\244}{subsection.1.4}% 13
\BOOKMARK [2][-]{subsection.1.5}{\376\377\133\236\232\214\176\323\147\234}{section.1}% 14
\BOOKMARK [3][-]{subsubsection.1.5.1}{\376\377\176\323\147\234\134\125\171\072}{subsection.1.5}% 15
\BOOKMARK [3][-]{subsubsection.1.5.2}{\376\377\176\323\147\234\122\006\147\220}{subsection.1.5}% 16
\BOOKMARK [2][-]{subsection.1.6}{\376\377\133\236\232\214\134\017\176\323}{section.1}% 17
\BOOKMARK [3][-]{subsubsection.1.6.1}{\376\377\164\006\213\272\116\016\145\271\154\325\140\073\176\323}{subsection.1.6}% 18
\BOOKMARK [3][-]{subsubsection.1.6.2}{\376\377\176\323\147\234\116\016\145\066\203\267\140\073\176\323}{subsection.1.6}% 19
\BOOKMARK [1][-]{section.2}{\376\377\133\236\232\214\0002\377\032\130\153\121\231\133\236\232\214\124\015\171\360\377\010\131\202\145\340\123\357\122\040\226\144\377\011}{}% 20
\BOOKMARK [2][-]{subsection.2.1}{\376\377\133\236\232\214\151\202\217\360}{section.2}% 21
\BOOKMARK [3][-]{subsubsection.2.1.1}{\376\377\133\236\232\214\166\356\166\204\116\016\141\017\116\111}{subsection.2.1}% 22
\BOOKMARK [3][-]{subsubsection.2.1.2}{\376\377\133\236\232\214\166\356\150\007\116\016\211\201\154\102}{subsection.2.1}% 23
\BOOKMARK [2][-]{subsection.2.2}{\376\377\133\236\232\214\121\205\133\271}{section.2}% 24
\BOOKMARK [3][-]{subsubsection.2.2.1}{\376\377\116\073\211\201\116\373\122\241}{subsection.2.2}% 25
\BOOKMARK [3][-]{subsubsection.2.2.2}{\376\377\226\066\153\265\133\211\143\222}{subsection.2.2}% 26
\BOOKMARK [2][-]{subsection.2.3}{\376\377\133\236\232\214\213\276\213\241}{section.2}% 27
\BOOKMARK [3][-]{subsubsection.2.3.1}{\376\377\211\343\230\230\140\035\215\357\122\006\147\220}{subsection.2.3}% 28
\BOOKMARK [3][-]{subsubsection.2.3.2}{\376\377\142\200\147\057\116\016\145\271\154\325}{subsection.2.3}% 29
\BOOKMARK [2][-]{subsection.2.4}{\376\377\133\236\232\214\217\307\172\013}{section.2}% 30
\BOOKMARK [3][-]{subsubsection.2.4.1}{\376\377\163\257\130\203\121\306\131\007}{subsection.2.4}% 31
\BOOKMARK [3][-]{subsubsection.2.4.2}{\376\377\121\167\117\123\133\236\145\275\153\145\232\244}{subsection.2.4}% 32
\BOOKMARK [2][-]{subsection.2.5}{\376\377\133\236\232\214\176\323\147\234}{section.2}% 33
\BOOKMARK [3][-]{subsubsection.2.5.1}{\376\377\176\323\147\234\134\125\171\072}{subsection.2.5}% 34
\BOOKMARK [3][-]{subsubsection.2.5.2}{\376\377\176\323\147\234\122\006\147\220}{subsection.2.5}% 35
\BOOKMARK [2][-]{subsection.2.6}{\376\377\133\236\232\214\134\017\176\323}{section.2}% 36
\BOOKMARK [3][-]{subsubsection.2.6.1}{\376\377\164\006\213\272\116\016\145\271\154\325\140\073\176\323}{subsection.2.6}% 37
\BOOKMARK [3][-]{subsubsection.2.6.2}{\376\377\176\323\147\234\116\016\145\066\203\267\140\073\176\323}{subsection.2.6}% 38
\BOOKMARK [1][-]{section.3}{\376\377\133\236\232\214\0003\377\032\130\153\121\231\133\236\232\214\124\015\171\360\377\010\131\202\145\340\123\357\122\040\226\144\377\011}{}% 39
\BOOKMARK [2][-]{subsection.3.1}{\376\377\133\236\232\214\151\202\217\360}{section.3}% 40
\BOOKMARK [3][-]{subsubsection.3.1.1}{\376\377\133\236\232\214\166\356\166\204\116\016\141\017\116\111}{subsection.3.1}% 41
\BOOKMARK [3][-]{subsubsection.3.1.2}{\376\377\133\236\232\214\166\356\150\007\116\016\211\201\154\102}{subsection.3.1}% 42
\BOOKMARK [2][-]{subsection.3.2}{\376\377\133\236\232\214\121\205\133\271}{section.3}% 43
\BOOKMARK [3][-]{subsubsection.3.2.1}{\376\377\116\073\211\201\116\373\122\241}{subsection.3.2}% 44
\BOOKMARK [3][-]{subsubsection.3.2.2}{\376\377\226\066\153\265\133\211\143\222}{subsection.3.2}% 45
\BOOKMARK [2][-]{subsection.3.3}{\376\377\133\236\232\214\213\276\213\241}{section.3}% 46
\BOOKMARK [3][-]{subsubsection.3.3.1}{\376\377\211\343\230\230\140\035\215\357\122\006\147\220}{subsection.3.3}% 47
\BOOKMARK [3][-]{subsubsection.3.3.2}{\376\377\142\200\147\057\116\016\145\271\154\325}{subsection.3.3}% 48
\BOOKMARK [2][-]{subsection.3.4}{\376\377\133\236\232\214\217\307\172\013}{section.3}% 49
\BOOKMARK [3][-]{subsubsection.3.4.1}{\376\377\163\257\130\203\121\306\131\007}{subsection.3.4}% 50
\BOOKMARK [3][-]{subsubsection.3.4.2}{\376\377\121\167\117\123\133\236\145\275\153\145\232\244}{subsection.3.4}% 51
\BOOKMARK [2][-]{subsection.3.5}{\376\377\133\236\232\214\176\323\147\234}{section.3}% 52
\BOOKMARK [3][-]{subsubsection.3.5.1}{\376\377\176\323\147\234\134\125\171\072}{subsection.3.5}% 53
\BOOKMARK [3][-]{subsubsection.3.5.2}{\376\377\176\323\147\234\122\006\147\220}{subsection.3.5}% 54
\BOOKMARK [2][-]{subsection.3.6}{\376\377\133\236\232\214\134\017\176\323}{section.3}% 55
\BOOKMARK [3][-]{subsubsection.3.6.1}{\376\377\164\006\213\272\116\016\145\271\154\325\140\073\176\323}{subsection.3.6}% 56
\BOOKMARK [3][-]{subsubsection.3.6.2}{\376\377\176\323\147\234\116\016\145\066\203\267\140\073\176\323}{subsection.3.6}% 57
\BOOKMARK [1][-]{section.4}{\376\377\133\236\232\214\0004\377\032\130\153\121\231\133\236\232\214\124\015\171\360\377\010\131\202\145\340\123\357\122\040\226\144\377\011}{}% 58
\BOOKMARK [2][-]{subsection.4.1}{\376\377\133\236\232\214\151\202\217\360}{section.4}% 59
\BOOKMARK [3][-]{subsubsection.4.1.1}{\376\377\133\236\232\214\166\356\166\204\116\016\141\017\116\111}{subsection.4.1}% 60
\BOOKMARK [3][-]{subsubsection.4.1.2}{\376\377\133\236\232\214\166\356\150\007\116\016\211\201\154\102}{subsection.4.1}% 61
\BOOKMARK [2][-]{subsection.4.2}{\376\377\133\236\232\214\121\205\133\271}{section.4}% 62
\BOOKMARK [3][-]{subsubsection.4.2.1}{\376\377\116\073\211\201\116\373\122\241}{subsection.4.2}% 63
\BOOKMARK [3][-]{subsubsection.4.2.2}{\376\377\226\066\153\265\133\211\143\222}{subsection.4.2}% 64
\BOOKMARK [2][-]{subsection.4.3}{\376\377\133\236\232\214\213\276\213\241}{section.4}% 65
\BOOKMARK [3][-]{subsubsection.4.3.1}{\376\377\211\343\230\230\140\035\215\357\122\006\147\220}{subsection.4.3}% 66
\BOOKMARK [3][-]{subsubsection.4.3.2}{\376\377\142\200\147\057\116\016\145\271\154\325}{subsection.4.3}% 67
\BOOKMARK [2][-]{subsection.4.4}{\376\377\133\236\232\214\217\307\172\013}{section.4}% 68
\BOOKMARK [3][-]{subsubsection.4.4.1}{\376\377\163\257\130\203\121\306\131\007}{subsection.4.4}% 69
\BOOKMARK [3][-]{subsubsection.4.4.2}{\376\377\121\167\117\123\133\236\145\275\153\145\232\244}{subsection.4.4}% 70
\BOOKMARK [2][-]{subsection.4.5}{\376\377\133\236\232\214\176\323\147\234}{section.4}% 71
\BOOKMARK [3][-]{subsubsection.4.5.1}{\376\377\176\323\147\234\134\125\171\072}{subsection.4.5}% 72
\BOOKMARK [3][-]{subsubsection.4.5.2}{\376\377\176\323\147\234\122\006\147\220}{subsection.4.5}% 73
\BOOKMARK [2][-]{subsection.4.6}{\376\377\133\236\232\214\134\017\176\323}{section.4}% 74
\BOOKMARK [3][-]{subsubsection.4.6.1}{\376\377\164\006\213\272\116\016\145\271\154\325\140\073\176\323}{subsection.4.6}% 75
\BOOKMARK [3][-]{subsubsection.4.6.2}{\376\377\176\323\147\234\116\016\145\066\203\267\140\073\176\323}{subsection.4.6}% 76
\BOOKMARK [1][-]{section.5}{\376\377\133\236\232\214\0005\377\032\130\153\121\231\133\236\232\214\124\015\171\360\377\010\131\202\145\340\123\357\122\040\226\144\377\011}{}% 77
\BOOKMARK [2][-]{subsection.5.1}{\376\377\133\236\232\214\151\202\217\360}{section.5}% 78
\BOOKMARK [3][-]{subsubsection.5.1.1}{\376\377\133\236\232\214\166\356\166\204\116\016\141\017\116\111}{subsection.5.1}% 79
\BOOKMARK [3][-]{subsubsection.5.1.2}{\376\377\133\236\232\214\166\356\150\007\116\016\211\201\154\102}{subsection.5.1}% 80
\BOOKMARK [2][-]{subsection.5.2}{\376\377\133\236\232\214\121\205\133\271}{section.5}% 81
\BOOKMARK [3][-]{subsubsection.5.2.1}{\376\377\116\073\211\201\116\373\122\241}{subsection.5.2}% 82
\BOOKMARK [3][-]{subsubsection.5.2.2}{\376\377\226\066\153\265\133\211\143\222}{subsection.5.2}% 83
\BOOKMARK [2][-]{subsection.5.3}{\376\377\133\236\232\214\213\276\213\241}{section.5}% 84
\BOOKMARK [3][-]{subsubsection.5.3.1}{\376\377\211\343\230\230\140\035\215\357\122\006\147\220}{subsection.5.3}% 85
\BOOKMARK [3][-]{subsubsection.5.3.2}{\376\377\142\200\147\057\116\016\145\271\154\325}{subsection.5.3}% 86
\BOOKMARK [2][-]{subsection.5.4}{\376\377\133\236\232\214\217\307\172\013}{section.5}% 87
\BOOKMARK [3][-]{subsubsection.5.4.1}{\376\377\163\257\130\203\121\306\131\007}{subsection.5.4}% 88
\BOOKMARK [3][-]{subsubsection.5.4.2}{\376\377\121\167\117\123\133\236\145\275\153\145\232\244}{subsection.5.4}% 89
\BOOKMARK [2][-]{subsection.5.5}{\376\377\133\236\232\214\176\323\147\234}{section.5}% 90
\BOOKMARK [3][-]{subsubsection.5.5.1}{\376\377\176\323\147\234\134\125\171\072}{subsection.5.5}% 91
\BOOKMARK [3][-]{subsubsection.5.5.2}{\376\377\176\323\147\234\122\006\147\220}{subsection.5.5}% 92
\BOOKMARK [2][-]{subsection.5.6}{\376\377\133\236\232\214\134\017\176\323}{section.5}% 93
\BOOKMARK [3][-]{subsubsection.5.6.1}{\376\377\164\006\213\272\116\016\145\271\154\325\140\073\176\323}{subsection.5.6}% 94
\BOOKMARK [3][-]{subsubsection.5.6.2}{\376\377\176\323\147\234\116\016\145\066\203\267\140\073\176\323}{subsection.5.6}% 95
\BOOKMARK [1][-]{section.6}{\376\377\133\236\232\214\140\073\176\323}{}% 96
\BOOKMARK [1][-]{appendix.A}{\376\377\226\104\137\125\377\032\133\236\232\214\156\220\116\343\170\001}{}% 97
\BOOKMARK [2][-]{subsection.A.1}{\376\377\133\236\232\214\166\356\137\125\176\323\147\204}{appendix.A}% 98
\BOOKMARK [2][-]{subsection.A.2}{\376\377\150\070\137\303\172\013\136\217\156\220\116\343\170\001}{appendix.A}% 99
\BOOKMARK [1][-]{section*.3}{\376\377\123\302\200\003\145\207\163\056}{}% 100
