/C:/Users/Owner/code/JAVA/LAB/JavaExperiment/run/test/config/../
----------------/C:/Users/Owner/code/JAVA/LAB/JavaExperiment/run/test/config/..//ser/Term.dat----------------
PASSED: testTestEquals([Lhust.cs.javacourse.search.index.AbstractTerm;@38c5cc4c, true)
PASSED: testTestEquals([Lhust.cs.javacourse.search.index.AbstractTerm;@37918c79, false)
PASSED: testTestToString(We have a dream., "We have a dream.")
PASSED: testGetContent(We have a dream., "We have a dream.")
PASSED: testSetContent(We have no dream., "We have no dream.")
PASSED: testCompareTo([Lhust.cs.javacourse.search.index.AbstractTerm;@5db250b4, 0)
PASSED: testCompareTo([Lhust.cs.javacourse.search.index.AbstractTerm;@223f3642, 4)
PASSED: testWriteObject(search engine, "/C:/Users/Owner/code/JAVA/LAB/JavaExperiment/run/test/config/..//ser/Term.dat")
PASSED: testReadObject(search engine, "/C:/Users/Owner/code/JAVA/LAB/JavaExperiment/run/test/config/..//ser/Term.dat")

===============================================
    D:/IdeaWorkspace/SeachEngine/test/hust/cs/javacourse/search/index/TermTest.java
    Tests run: 9, Failures: 0, Skips: 0
===============================================

PASSED: testTestEquals([Lhust.cs.javacourse.search.index.AbstractTermTuple;@75329a49, true)
PASSED: testTestEquals([Lhust.cs.javacourse.search.index.AbstractTermTuple;@161479c6, false)
PASSED: testTestEquals([Lhust.cs.javacourse.search.index.AbstractTermTuple;@4313f5bc, false)
PASSED: testTestToString(term: Search, freq: 1, curPos: 100
, [Ljava.lang.String;@7f010382)

===============================================
    D:/IdeaWorkspace/SeachEngine/test/hust/cs/javacourse/search/index/TermTupleTest.java
    Tests run: 4, Failures: 0, Skips: 0
===============================================

PASSED: testTestEquals([Lhust.cs.javacourse.search.index.AbstractPosting;@ef9296d, true)
PASSED: testTestEquals([Lhust.cs.javacourse.search.index.AbstractPosting;@36c88a32, false)
PASSED: testTestEquals([Lhust.cs.javacourse.search.index.AbstractPosting;@7880cdf3, false)
PASSED: testTestEquals([Lhust.cs.javacourse.search.index.AbstractPosting;@5be6e01c, false)
PASSED: testTestEquals([Lhust.cs.javacourse.search.index.AbstractPosting;@1c93084c, true)
PASSED: testTestToString(docID: 1, freq: 4, positions: [10, 100, 320, 400]
, [Ljava.lang.String;@6ef888f6)
PASSED: testGetDocId(docID: 1, freq: 4, positions: [10, 100, 320, 400]
, 1)
PASSED: testSetDocId(docID: 20, freq: 0, positions: []
, 20)
PASSED: testGetFreq(docID: 1, freq: 4, positions: [10, 100, 320, 400]
, 4)
PASSED: testSetFreq(docID: 0, freq: 8, positions: []
, 8)
PASSED: testGetPositions(docID: 1, freq: 4, positions: [10, 100, 320, 400]
, [10, 100, 320, 400])
PASSED: testSetPositions(docID: 0, freq: 0, positions: [100, 320, 400]
, [100, 320, 400])
PASSED: testCompareTo([Lhust.cs.javacourse.search.index.AbstractPosting;@6af93788, 1)
PASSED: testSort(docID: 1, freq: 4, positions: [10, 100, 320, 400]
, [10, 100, 320, 400])
PASSED: testWriteObject(docID: 1, freq: 4, positions: [10, 100, 320, 400]
, "/C:/Users/Owner/code/JAVA/LAB/JavaExperiment/run/test/config/..//ser/Posting.dat")
PASSED: testReadObject(docID: 1, freq: 4, positions: [10, 100, 320, 400]
, "/C:/Users/Owner/code/JAVA/LAB/JavaExperiment/run/test/config/..//ser/Posting.dat")

===============================================
    D:/IdeaWorkspace/SeachEngine/test/hust/cs/javacourse/search/index/PostingTest.java
    Tests run: 16, Failures: 0, Skips: 0
===============================================

PASSED: testAdd(docID: 1, freq: 4, positions: [1, 2, 3, 4]
docID: 2, freq: 2, positions: [5, 6]
, [Lhust.cs.javacourse.search.index.AbstractPosting;@61230f6a)
PASSED: testTestToString(docID: 1, freq: 4, positions: [1, 2, 3, 4]
docID: 2, freq: 2, positions: [5, 6]
, [Ljava.lang.String;@1622f1b)
PASSED: testTestAdd(docID: 1, freq: 4, positions: [1, 2, 3, 4]
docID: 2, freq: 2, positions: [5, 6]
, [docID: 1, freq: 4, positions: [1, 2, 3, 4]
, docID: 1, freq: 4, positions: [2, 4, 3, 1]
, docID: 2, freq: 2, positions: [5, 6]
])
PASSED: testGet(docID: 1, freq: 4, positions: [1, 2, 3, 4]
docID: 2, freq: 2, positions: [5, 6]
, [Lhust.cs.javacourse.search.index.AbstractPosting;@cd3fee8)
PASSED: testIndexOf(docID: 1, freq: 4, positions: [1, 2, 3, 4]
docID: 2, freq: 2, positions: [5, 6]
, [Lhust.cs.javacourse.search.index.AbstractPosting;@3e2e18f2)
PASSED: testTestIndexOf(docID: 1, freq: 4, positions: [1, 2, 3, 4]
docID: 2, freq: 2, positions: [5, 6]
, [Lhust.cs.javacourse.search.index.AbstractPosting;@703580bf)
PASSED: testContains(docID: 1, freq: 4, positions: [1, 2, 3, 4]
, [Lhust.cs.javacourse.search.index.AbstractPosting;@3c130745)
PASSED: testRemove("", [Lhust.cs.javacourse.search.index.AbstractPosting;@470f1802)
PASSED: testTestRemove("", [Lhust.cs.javacourse.search.index.AbstractPosting;@3e92efc3)
PASSED: testSize(docID: 1, freq: 4, positions: [1, 2, 3, 4]
docID: 2, freq: 2, positions: [5, 6]
, 2)
PASSED: testSize("", 0)
PASSED: testClear("", null)
PASSED: testIsEmpty(docID: 1, freq: 4, positions: [1, 2, 3, 4]
docID: 2, freq: 2, positions: [5, 6]
, false)
PASSED: testIsEmpty("", true)
PASSED: testSort(docID: 2, freq: 4, positions: [5, 7, 8, 9]
docID: 3, freq: 2, positions: [10, 11]
docID: 4, freq: 4, positions: [1, 2, 3, 4]
, [Ljava.lang.Integer;@63021689)
PASSED: testWriteObject(docID: 1, freq: 4, positions: [1, 2, 3, 4]
docID: 2, freq: 2, positions: [5, 6]
, "/C:/Users/Owner/code/JAVA/LAB/JavaExperiment/run/test/config/..//ser/PostingList.dat")
PASSED: testReadObject(docID: 1, freq: 4, positions: [1, 2, 3, 4]
docID: 2, freq: 2, positions: [5, 6]
, "/C:/Users/Owner/code/JAVA/LAB/JavaExperiment/run/test/config/..//ser/PostingList.dat")

===============================================
    D:/IdeaWorkspace/SeachEngine/test/hust/cs/javacourse/search/index/PostingListTest.java
    Tests run: 17, Failures: 0, Skips: 0
===============================================

PASSED: testGetDocId(docID: 1
docPath: C:/1.txt
tuples: 
term: aaa, freq: 1, curPos: 17
, 1)
PASSED: testSetDocId(docID: 2
docPath: null
tuples: 
, 2)
PASSED: testGetDocPath(docID: 1
docPath: C:/1.txt
tuples: 
term: aaa, freq: 1, curPos: 17
, "C:/1.txt")
PASSED: testSetDocPath(docID: 0
docPath: C:/2.txt
tuples: 
, "C:/2.txt")
PASSED: testGetTuples(docID: 1
docPath: C:/1.txt
tuples: 
term: aaa, freq: 1, curPos: 17
term: bbb, freq: 1, curPos: 30
, [term: aaa, freq: 1, curPos: 17
, term: bbb, freq: 1, curPos: 30
])
PASSED: testAddTuple(docID: 1
docPath: C:/1.txt
tuples: 
term: aaa, freq: 1, curPos: 17
, term: aaa, freq: 1, curPos: 17
)
PASSED: testContains(docID: 1
docPath: C:/1.txt
tuples: 
term: aaa, freq: 1, curPos: 17
term: bbb, freq: 1, curPos: 30
, term: aaa, freq: 1, curPos: 17
)
PASSED: testContains(docID: 1
docPath: C:/1.txt
tuples: 
term: aaa, freq: 1, curPos: 17
term: bbb, freq: 1, curPos: 30
, term: bbb, freq: 1, curPos: 30
)
PASSED: testGetTuple(docID: 1
docPath: C:/1.txt
tuples: 
term: aaa, freq: 1, curPos: 17
term: bbb, freq: 1, curPos: 30
, [term: aaa, freq: 1, curPos: 17
, term: bbb, freq: 1, curPos: 30
])
PASSED: testGetTupleSize(docID: 1
docPath: C:/1.txt
tuples: 
term: aaa, freq: 1, curPos: 17
term: bbb, freq: 1, curPos: 30
, 2)
PASSED: testGetTupleSize(docID: 1
docPath: C:/1.txt
tuples: 
, 0)
PASSED: testTestToString(docID: 1
docPath: C:/1.txt
tuples: 
term: aaa, freq: 1, curPos: 17
term: bbb, freq: 1, curPos: 30
, [Ljava.lang.String;@2667f029)

===============================================
    D:/IdeaWorkspace/SeachEngine/test/hust/cs/javacourse/search/index/DocumentTest.java
    Tests run: 12, Failures: 0, Skips: 0
===============================================

PASSED: testNext(hust.cs.javacourse.search.parse.impl.TermTupleScanner@7e0b85f9, [term: aaa, freq: 1, curPos: 0
, term: bbb, freq: 1, curPos: 1
, term: ccc, freq: 1, curPos: 2
, term: ddd, freq: 1, curPos: 3
, term: is, freq: 1, curPos: 4
, term: f17, freq: 1, curPos: 5
, term: 2020, freq: 1, curPos: 6
, term: ab, freq: 1, curPos: 7
, term: ababababababababababab, freq: 1, curPos: 8
])
PASSED: testNext(hust.cs.javacourse.search.parse.impl.TermTupleScanner@63355449, [term: activity, freq: 1, curPos: 0
, term: destination, freq: 1, curPos: 1
, term: emergency, freq: 1, curPos: 2
, term: 26%, freq: 1, curPos: 3
, term: u571, freq: 1, curPos: 4
, term: because, freq: 1, curPos: 5
, term: hence, freq: 1, curPos: 6
, term: capital, freq: 1, curPos: 7
, term: i, freq: 1, curPos: 8
, term: frozen, freq: 1, curPos: 9
, term: benefits, freq: 1, curPos: 10
, term: google, freq: 1, curPos: 11
, term: hahahahahahahahahahahahah, freq: 1, curPos: 12
, term: ha, freq: 1, curPos: 13
, term: frozen, freq: 1, curPos: 14
, term: google, freq: 1, curPos: 15
])

===============================================
    D:/IdeaWorkspace/SeachEngine/test/hust/cs/javacourse/search/parse/TermTupleScannerTest.java
    Tests run: 2, Failures: 0, Skips: 0
===============================================

PASSED: testNext(hust.cs.javacourse.search.parse.impl.StopWordTermTupleFilter@1ddf84b8, [term: aaa, freq: 1, curPos: 0
, term: bbb, freq: 1, curPos: 1
, term: ccc, freq: 1, curPos: 2
, term: ddd, freq: 1, curPos: 3
, term: f17, freq: 1, curPos: 4
, term: 2020, freq: 1, curPos: 5
, term: ab, freq: 1, curPos: 6
, term: ababababababababababab, freq: 1, curPos: 7
])
PASSED: testNext(hust.cs.javacourse.search.parse.impl.StopWordTermTupleFilter@1139b2f3, [term: aaa, freq: 1, curPos: 0
, term: bbb, freq: 1, curPos: 1
, term: ccc, freq: 1, curPos: 3
, term: ddd, freq: 1, curPos: 4
, term: f17, freq: 1, curPos: 6
, term: 2020, freq: 1, curPos: 7
, term: ab, freq: 1, curPos: 8
, term: ababababababababababab, freq: 1, curPos: 10
])
PASSED: testNext(hust.cs.javacourse.search.parse.impl.StopWordTermTupleFilter@7a69b07, [term: activity, freq: 1, curPos: 0
, term: destination, freq: 1, curPos: 1
, term: emergency, freq: 1, curPos: 2
, term: 26%, freq: 1, curPos: 3
, term: u571, freq: 1, curPos: 4
, term: capital, freq: 1, curPos: 7
, term: frozen, freq: 1, curPos: 9
, term: benefits, freq: 1, curPos: 10
, term: google, freq: 1, curPos: 11
, term: hahahahahahahahahahahahah, freq: 1, curPos: 12
, term: ha, freq: 1, curPos: 13
, term: frozen, freq: 1, curPos: 14
, term: google, freq: 1, curPos: 15
])

===============================================
    D:/IdeaWorkspace/SeachEngine/test/hust/cs/javacourse/search/parse/StopWordTermTupleFilterTest.java
    Tests run: 3, Failures: 0, Skips: 0
===============================================

PASSED: testNext(hust.cs.javacourse.search.parse.impl.PatternTermTupleFilter@6ca8564a, [term: aaa, freq: 1, curPos: 0
, term: bbb, freq: 1, curPos: 2
, term: ab, freq: 1, curPos: 3
, term: ccc, freq: 1, curPos: 4
, term: ddd, freq: 1, curPos: 5
, term: ababababababababababab, freq: 1, curPos: 7
])
PASSED: testNext(hust.cs.javacourse.search.parse.impl.PatternTermTupleFilter@50b472aa, [term: activity, freq: 1, curPos: 0
, term: destination, freq: 1, curPos: 1
, term: emergency, freq: 1, curPos: 2
, term: because, freq: 1, curPos: 5
, term: hence, freq: 1, curPos: 6
, term: capital, freq: 1, curPos: 7
, term: i, freq: 1, curPos: 8
, term: frozen, freq: 1, curPos: 9
, term: benefits, freq: 1, curPos: 10
, term: google, freq: 1, curPos: 11
, term: hahahahahahahahahahahahah, freq: 1, curPos: 12
, term: ha, freq: 1, curPos: 13
, term: frozen, freq: 1, curPos: 14
, term: google, freq: 1, curPos: 15
])

===============================================
    D:/IdeaWorkspace/SeachEngine/test/hust/cs/javacourse/search/parse/PatternTermTupleFilterTest.java
    Tests run: 2, Failures: 0, Skips: 0
===============================================

PASSED: testNext(hust.cs.javacourse.search.parse.impl.LengthTermTupleFilter@76508ed1, [term: aaa, freq: 1, curPos: 0
, term: bbb, freq: 1, curPos: 1
, term: ccc, freq: 1, curPos: 3
, term: ddd, freq: 1, curPos: 4
, term: f17, freq: 1, curPos: 5
, term: 2020, freq: 1, curPos: 6
])
PASSED: testNext(hust.cs.javacourse.search.parse.impl.LengthTermTupleFilter@41e36e46, [term: activity, freq: 1, curPos: 0
, term: destination, freq: 1, curPos: 1
, term: emergency, freq: 1, curPos: 2
, term: 26%, freq: 1, curPos: 3
, term: u571, freq: 1, curPos: 4
, term: because, freq: 1, curPos: 5
, term: hence, freq: 1, curPos: 6
, term: capital, freq: 1, curPos: 7
, term: frozen, freq: 1, curPos: 9
, term: benefits, freq: 1, curPos: 10
, term: google, freq: 1, curPos: 11
, term: frozen, freq: 1, curPos: 14
, term: google, freq: 1, curPos: 15
])

===============================================
    D:/IdeaWorkspace/SeachEngine/test/hust/cs/javacourse/search/parse/LengthTermTupleFilterTest.java
    Tests run: 2, Failures: 0, Skips: 0
===============================================

PASSED: testNext(hust.cs.javacourse.search.parse.impl.PatternTermTupleFilter@39529185, [term: aaa, freq: 1, curPos: 1
, term: bbb, freq: 1, curPos: 2
, term: ccc, freq: 1, curPos: 4
, term: ddd, freq: 1, curPos: 6
])
PASSED: testNext(hust.cs.javacourse.search.parse.impl.PatternTermTupleFilter@72f926e6, [term: activity, freq: 1, curPos: 0
, term: destination, freq: 1, curPos: 1
, term: emergency, freq: 1, curPos: 2
, term: capital, freq: 1, curPos: 7
, term: frozen, freq: 1, curPos: 9
, term: benefits, freq: 1, curPos: 10
, term: google, freq: 1, curPos: 11
, term: frozen, freq: 1, curPos: 14
, term: google, freq: 1, curPos: 15
])

===============================================
    D:/IdeaWorkspace/SeachEngine/test/hust/cs/javacourse/search/parse/ScannerFilterAllInOneTest.java
    Tests run: 2, Failures: 0, Skips: 0
===============================================

Custom DocumentDeSerializer
Custom TermTupleDeSerializer
Custom TermTupleDeSerializer
Custom TermTupleDeSerializer
Custom TermTupleDeSerializer
Custom TermTupleDeSerializer
Custom TermTupleDeSerializer
Custom TermTupleDeSerializer
Custom TermTupleDeSerializer
Custom TermTupleDeSerializer
Custom TermTupleDeSerializer
Custom TermTupleDeSerializer
Custom TermTupleDeSerializer
Custom TermTupleDeSerializer
Custom TermTupleDeSerializer
Custom TermTupleDeSerializer
Custom TermTupleDeSerializer
Custom DocumentDeSerializer
Custom TermTupleDeSerializer
Custom TermTupleDeSerializer
Custom TermTupleDeSerializer
Custom TermTupleDeSerializer
Custom TermTupleDeSerializer
Custom TermTupleDeSerializer
Custom TermTupleDeSerializer
Custom TermTupleDeSerializer
Custom TermTupleDeSerializer
Custom TermTupleDeSerializer
Custom TermTupleDeSerializer
Custom TermTupleDeSerializer
Custom TermTupleDeSerializer
Custom DocumentDeSerializer
Custom TermTupleDeSerializer
Custom TermTupleDeSerializer
Custom TermTupleDeSerializer
Custom TermTupleDeSerializer
Custom TermTupleDeSerializer
Custom TermTupleDeSerializer
Custom TermTupleDeSerializer
Custom TermTupleDeSerializer
Custom TermTupleDeSerializer
Custom TermTupleDeSerializer
Custom TermTupleDeSerializer
Custom TermTupleDeSerializer
Custom TermTupleDeSerializer
Custom TermTupleDeSerializer
Custom DocumentDeSerializer
Custom TermTupleDeSerializer
Custom TermTupleDeSerializer
Custom TermTupleDeSerializer
Custom TermTupleDeSerializer
Custom TermTupleDeSerializer
Custom TermTupleDeSerializer
Custom TermTupleDeSerializer
Custom TermTupleDeSerializer
Custom TermTupleDeSerializer
Custom TermTupleDeSerializer
Custom TermTupleDeSerializer
Custom TermTupleDeSerializer
Custom TermTupleDeSerializer
Custom DocumentDeSerializer
Custom TermTupleDeSerializer
Custom TermTupleDeSerializer
Custom TermTupleDeSerializer
Custom TermTupleDeSerializer
Custom TermTupleDeSerializer
Custom TermTupleDeSerializer
Custom TermTupleDeSerializer
Custom TermTupleDeSerializer
Custom TermTupleDeSerializer
Custom DocumentDeSerializer
Custom TermTupleDeSerializer
Custom TermTupleDeSerializer
Custom TermTupleDeSerializer
Custom TermTupleDeSerializer
Custom TermTupleDeSerializer
Custom TermTupleDeSerializer
Custom TermTupleDeSerializer
Custom TermTupleDeSerializer
Custom TermTupleDeSerializer
Custom DocumentDeSerializer
Custom TermTupleDeSerializer
Custom TermTupleDeSerializer
Custom TermTupleDeSerializer
Custom TermTupleDeSerializer
Custom TermTupleDeSerializer
Custom TermTupleDeSerializer
Custom TermTupleDeSerializer
Custom TermTupleDeSerializer
Custom TermTupleDeSerializer
Custom TermTupleDeSerializer
Custom TermTupleDeSerializer
Custom TermTupleDeSerializer
Custom TermTupleDeSerializer
Custom TermTupleDeSerializer
Custom TermTupleDeSerializer
Custom TermTupleDeSerializer
Custom DocumentDeSerializer
Custom TermTupleDeSerializer
Custom TermTupleDeSerializer
Custom TermTupleDeSerializer
Custom TermTupleDeSerializer
Custom TermTupleDeSerializer
Custom TermTupleDeSerializer
Custom TermTupleDeSerializer
Custom TermTupleDeSerializer
Custom TermTupleDeSerializer
Custom TermTupleDeSerializer
Custom TermTupleDeSerializer
Custom TermTupleDeSerializer
Custom TermTupleDeSerializer
Custom DocumentDeSerializer
Custom TermTupleDeSerializer
Custom TermTupleDeSerializer
Custom TermTupleDeSerializer
Custom TermTupleDeSerializer
Custom TermTupleDeSerializer
Custom TermTupleDeSerializer
Custom TermTupleDeSerializer
Custom TermTupleDeSerializer
Custom TermTupleDeSerializer
Custom TermTupleDeSerializer
Custom TermTupleDeSerializer
Custom TermTupleDeSerializer
Custom TermTupleDeSerializer
Custom TermTupleDeSerializer
Custom DocumentDeSerializer
Custom TermTupleDeSerializer
Custom TermTupleDeSerializer
Custom TermTupleDeSerializer
Custom TermTupleDeSerializer
Custom TermTupleDeSerializer
Custom TermTupleDeSerializer
Custom TermTupleDeSerializer
Custom TermTupleDeSerializer
Custom TermTupleDeSerializer
Custom TermTupleDeSerializer
Custom TermTupleDeSerializer
Custom TermTupleDeSerializer
Custom TermTupleDeSerializer
Custom DocumentDeSerializer
Custom TermTupleDeSerializer
Custom TermTupleDeSerializer
Custom TermTupleDeSerializer
Custom TermTupleDeSerializer
Custom TermTupleDeSerializer
Custom TermTupleDeSerializer
Custom TermTupleDeSerializer
Custom TermTupleDeSerializer
Custom TermTupleDeSerializer
Custom DocumentDeSerializer
Custom TermTupleDeSerializer
Custom TermTupleDeSerializer
Custom TermTupleDeSerializer
Custom TermTupleDeSerializer
Custom TermTupleDeSerializer
Custom TermTupleDeSerializer
Custom TermTupleDeSerializer
Custom TermTupleDeSerializer
Custom TermTupleDeSerializer
SKIPPED: testBuild
java.lang.RuntimeException: java.lang.ExceptionInInitializerError
	at org.testng.internal.MethodInvocationHelper.invokeMethodNoCheckedException(MethodInvocationHelper.java:49)
	at org.testng.internal.MethodInvocationHelper.invokeDataProvider(MethodInvocationHelper.java:131)
	at org.testng.internal.Parameters.handleParameters(Parameters.java:706)
	at org.testng.internal.ParameterHandler.handleParameters(ParameterHandler.java:49)
	at org.testng.internal.ParameterHandler.createParameters(ParameterHandler.java:37)
	at org.testng.internal.Invoker.invokeTestMethods(Invoker.java:924)
	at org.testng.internal.TestMethodWorker.invokeTestMethods(TestMethodWorker.java:125)
	at org.testng.internal.TestMethodWorker.run(TestMethodWorker.java:109)
	at org.testng.TestRunner.privateRun(TestRunner.java:648)
	at org.testng.TestRunner.run(TestRunner.java:505)
	at org.testng.SuiteRunner.runTest(SuiteRunner.java:455)
	at org.testng.SuiteRunner.runSequentially(SuiteRunner.java:450)
	at org.testng.SuiteRunner.privateRun(SuiteRunner.java:415)
	at org.testng.SuiteRunner.run(SuiteRunner.java:364)
	at org.testng.SuiteRunnerWorker.runSuite(SuiteRunnerWorker.java:52)
	at org.testng.SuiteRunnerWorker.run(SuiteRunnerWorker.java:84)
	at org.testng.TestNG.runSuitesSequentially(TestNG.java:1208)
	at org.testng.TestNG.runSuitesLocally(TestNG.java:1137)
	at org.testng.TestNG.runSuites(TestNG.java:1049)
	at org.testng.TestNG.run(TestNG.java:1017)
	at org.testng.TestNG.privateMain(TestNG.java:1354)
	at org.testng.TestNG.main(TestNG.java:1323)
Caused by: java.lang.ExceptionInInitializerError
	at net.sf.cglib.core.KeyFactory$Generator.generateClass(KeyFactory.java:166)
	at net.sf.cglib.core.DefaultGeneratorStrategy.generate(DefaultGeneratorStrategy.java:25)
	at net.sf.cglib.core.AbstractClassGenerator.create(AbstractClassGenerator.java:216)
	at net.sf.cglib.core.KeyFactory$Generator.create(KeyFactory.java:144)
	at net.sf.cglib.core.KeyFactory.create(KeyFactory.java:116)
	at net.sf.cglib.core.KeyFactory.create(KeyFactory.java:108)
	at net.sf.cglib.core.KeyFactory.create(KeyFactory.java:104)
	at net.sf.cglib.proxy.Enhancer.<clinit>(Enhancer.java:69)
	at hust.cs.javacourse.search.index.DocumentBuilderTestCase.buildTestDocumentWithInterceptor(DocumentBuilderTestCase.java:152)
	at hust.cs.javacourse.search.index.DocumentBuilderTestDataProvider.testDocumentBuilder(DocumentBuilderTestDataProvider.java:55)
	at java.base/jdk.internal.reflect.NativeMethodAccessorImpl.invoke0(Native Method)
	at java.base/jdk.internal.reflect.NativeMethodAccessorImpl.invoke(NativeMethodAccessorImpl.java:77)
	at java.base/jdk.internal.reflect.DelegatingMethodAccessorImpl.invoke(DelegatingMethodAccessorImpl.java:43)
	at java.base/java.lang.reflect.Method.invoke(Method.java:568)
	at org.testng.internal.MethodInvocationHelper.invokeMethod(MethodInvocationHelper.java:124)
	at org.testng.internal.MethodInvocationHelper.invokeMethod(MethodInvocationHelper.java:74)
	at org.testng.internal.MethodInvocationHelper.invokeMethodNoCheckedException(MethodInvocationHelper.java:45)
	... 21 more
Caused by: java.lang.reflect.InaccessibleObjectException: Unable to make protected final java.lang.Class java.lang.ClassLoader.defineClass(java.lang.String,byte[],int,int,java.security.ProtectionDomain) throws java.lang.ClassFormatError accessible: module java.base does not "opens java.lang" to unnamed module @136432db
	at java.base/java.lang.reflect.AccessibleObject.checkCanSetAccessible(AccessibleObject.java:354)
	at java.base/java.lang.reflect.AccessibleObject.checkCanSetAccessible(AccessibleObject.java:297)
	at java.base/java.lang.reflect.Method.checkCanSetAccessible(Method.java:199)
	at java.base/java.lang.reflect.Method.setAccessible(Method.java:193)
	at net.sf.cglib.core.ReflectUtils$2.run(ReflectUtils.java:56)
	at java.base/java.security.AccessController.doPrivileged(AccessController.java:318)
	at net.sf.cglib.core.ReflectUtils.<clinit>(ReflectUtils.java:46)
	... 38 more

SKIPPED: testTestBuild
java.lang.RuntimeException: java.lang.NoClassDefFoundError: Could not initialize class net.sf.cglib.proxy.Enhancer
	at org.testng.internal.MethodInvocationHelper.invokeMethodNoCheckedException(MethodInvocationHelper.java:49)
	at org.testng.internal.MethodInvocationHelper.invokeDataProvider(MethodInvocationHelper.java:131)
	at org.testng.internal.Parameters.handleParameters(Parameters.java:706)
	at org.testng.internal.ParameterHandler.handleParameters(ParameterHandler.java:49)
	at org.testng.internal.ParameterHandler.createParameters(ParameterHandler.java:37)
	at org.testng.internal.Invoker.invokeTestMethods(Invoker.java:924)
	at org.testng.internal.TestMethodWorker.invokeTestMethods(TestMethodWorker.java:125)
	at org.testng.internal.TestMethodWorker.run(TestMethodWorker.java:109)
	at org.testng.TestRunner.privateRun(TestRunner.java:648)
	at org.testng.TestRunner.run(TestRunner.java:505)
	at org.testng.SuiteRunner.runTest(SuiteRunner.java:455)
	at org.testng.SuiteRunner.runSequentially(SuiteRunner.java:450)
	at org.testng.SuiteRunner.privateRun(SuiteRunner.java:415)
	at org.testng.SuiteRunner.run(SuiteRunner.java:364)
	at org.testng.SuiteRunnerWorker.runSuite(SuiteRunnerWorker.java:52)
	at org.testng.SuiteRunnerWorker.run(SuiteRunnerWorker.java:84)
	at org.testng.TestNG.runSuitesSequentially(TestNG.java:1208)
	at org.testng.TestNG.runSuitesLocally(TestNG.java:1137)
	at org.testng.TestNG.runSuites(TestNG.java:1049)
	at org.testng.TestNG.run(TestNG.java:1017)
	at org.testng.TestNG.privateMain(TestNG.java:1354)
	at org.testng.TestNG.main(TestNG.java:1323)
Caused by: java.lang.NoClassDefFoundError: Could not initialize class net.sf.cglib.proxy.Enhancer
	at hust.cs.javacourse.search.index.DocumentBuilderTestCase.buildTestDocumentWithInterceptor(DocumentBuilderTestCase.java:152)
	at hust.cs.javacourse.search.index.DocumentBuilderTestDataProvider.testDocumentBuilder(DocumentBuilderTestDataProvider.java:55)
	at java.base/jdk.internal.reflect.NativeMethodAccessorImpl.invoke0(Native Method)
	at java.base/jdk.internal.reflect.NativeMethodAccessorImpl.invoke(NativeMethodAccessorImpl.java:77)
	at java.base/jdk.internal.reflect.DelegatingMethodAccessorImpl.invoke(DelegatingMethodAccessorImpl.java:43)
	at java.base/java.lang.reflect.Method.invoke(Method.java:568)
	at org.testng.internal.MethodInvocationHelper.invokeMethod(MethodInvocationHelper.java:124)
	at org.testng.internal.MethodInvocationHelper.invokeMethod(MethodInvocationHelper.java:74)
	at org.testng.internal.MethodInvocationHelper.invokeMethodNoCheckedException(MethodInvocationHelper.java:45)
	... 21 more
Caused by: java.lang.ExceptionInInitializerError: Exception java.lang.ExceptionInInitializerError [in thread "main"]
	at net.sf.cglib.core.KeyFactory$Generator.generateClass(KeyFactory.java:166)
	at net.sf.cglib.core.DefaultGeneratorStrategy.generate(DefaultGeneratorStrategy.java:25)
	at net.sf.cglib.core.AbstractClassGenerator.create(AbstractClassGenerator.java:216)
	at net.sf.cglib.core.KeyFactory$Generator.create(KeyFactory.java:144)
	at net.sf.cglib.core.KeyFactory.create(KeyFactory.java:116)
	at net.sf.cglib.core.KeyFactory.create(KeyFactory.java:108)
	at net.sf.cglib.core.KeyFactory.create(KeyFactory.java:104)
	at net.sf.cglib.proxy.Enhancer.<clinit>(Enhancer.java:69)
	... 30 more


===============================================
    D:/IdeaWorkspace/SeachEngine/test/hust/cs/javacourse/search/index/DocumentBuilderTest.java
    Tests run: 2, Failures: 0, Skips: 2
===============================================

Custom IndexDeSerializer
Custom PostingListDeSerializer
Custom PostingListDeSerializer
Custom PostingListDeSerializer
Custom PostingListDeSerializer
Custom PostingListDeSerializer
Custom PostingListDeSerializer
Custom PostingListDeSerializer
Custom PostingListDeSerializer
Custom PostingListDeSerializer
Custom PostingListDeSerializer
Custom PostingListDeSerializer
Custom PostingListDeSerializer
Custom PostingListDeSerializer
Custom IndexDeSerializer
Custom PostingListDeSerializer
Custom PostingListDeSerializer
Custom PostingListDeSerializer
Custom PostingListDeSerializer
Custom PostingListDeSerializer
Custom PostingListDeSerializer
Custom IndexDeSerializer
Custom PostingListDeSerializer
Custom PostingListDeSerializer
Custom PostingListDeSerializer
Custom PostingListDeSerializer
Custom PostingListDeSerializer
Custom PostingListDeSerializer
Custom PostingListDeSerializer
Custom PostingListDeSerializer
Custom DocumentDeSerializer
Custom TermTupleDeSerializer
Custom TermTupleDeSerializer
Custom TermTupleDeSerializer
Custom TermTupleDeSerializer
Custom TermTupleDeSerializer
Custom TermTupleDeSerializer
Custom TermTupleDeSerializer
Custom TermTupleDeSerializer
Custom TermTupleDeSerializer
Custom IndexDeSerializer
Custom PostingListDeSerializer
Custom PostingListDeSerializer
Custom PostingListDeSerializer
Custom PostingListDeSerializer
Custom PostingListDeSerializer
Custom PostingListDeSerializer
Custom PostingListDeSerializer
Custom PostingListDeSerializer
Custom PostingListDeSerializer
Custom PostingListDeSerializer
Custom PostingListDeSerializer
Custom PostingListDeSerializer
Custom PostingListDeSerializer
Custom IndexDeSerializer
Custom PostingListDeSerializer
Custom PostingListDeSerializer
Custom PostingListDeSerializer
Custom PostingListDeSerializer
Custom PostingListDeSerializer
Custom PostingListDeSerializer
Custom PostingListDeSerializer
Custom PostingListDeSerializer
Custom PostingListDeSerializer
Custom PostingListDeSerializer
Custom PostingListDeSerializer
Custom PostingListDeSerializer
Custom PostingListDeSerializer
Custom IndexDeSerializer
Custom PostingListDeSerializer
Custom PostingListDeSerializer
Custom PostingListDeSerializer
Custom PostingListDeSerializer
Custom PostingListDeSerializer
Custom PostingListDeSerializer
Custom PostingListDeSerializer
Custom PostingListDeSerializer
Custom PostingListDeSerializer
Custom PostingListDeSerializer
Custom PostingListDeSerializer
Custom PostingListDeSerializer
Custom PostingListDeSerializer
Custom PostingListDeSerializer
Custom IndexDeSerializer
Custom PostingListDeSerializer
Custom PostingListDeSerializer
Custom PostingListDeSerializer
Custom PostingListDeSerializer
Custom PostingListDeSerializer
Custom PostingListDeSerializer
Custom PostingListDeSerializer
Custom PostingListDeSerializer
Custom PostingListDeSerializer
Custom PostingListDeSerializer
Custom PostingListDeSerializer
Custom PostingListDeSerializer
Custom PostingListDeSerializer
Custom IndexDeSerializer
Custom PostingListDeSerializer
Custom PostingListDeSerializer
Custom PostingListDeSerializer
Custom PostingListDeSerializer
Custom PostingListDeSerializer
Custom PostingListDeSerializer
Custom PostingListDeSerializer
Custom PostingListDeSerializer
Custom PostingListDeSerializer
Custom PostingListDeSerializer
Custom PostingListDeSerializer
Custom PostingListDeSerializer
Custom PostingListDeSerializer
Custom IndexDeSerializer
Custom PostingListDeSerializer
Custom PostingListDeSerializer
Custom PostingListDeSerializer
Custom PostingListDeSerializer
Custom PostingListDeSerializer
Custom PostingListDeSerializer
Custom PostingListDeSerializer
Custom PostingListDeSerializer
Custom PostingListDeSerializer
Custom PostingListDeSerializer
Custom PostingListDeSerializer
Custom PostingListDeSerializer
Custom PostingListDeSerializer
Custom IndexDeSerializer
Custom PostingListDeSerializer
Custom PostingListDeSerializer
Custom PostingListDeSerializer
Custom PostingListDeSerializer
Custom PostingListDeSerializer
Custom PostingListDeSerializer
Custom PostingListDeSerializer
Custom PostingListDeSerializer
Custom PostingListDeSerializer
Custom PostingListDeSerializer
Custom PostingListDeSerializer
Custom PostingListDeSerializer
Custom PostingListDeSerializer
Custom IndexDeSerializer
Custom PostingListDeSerializer
Custom PostingListDeSerializer
Custom PostingListDeSerializer
Custom PostingListDeSerializer
Custom PostingListDeSerializer
Custom PostingListDeSerializer
Custom PostingListDeSerializer
Custom PostingListDeSerializer
Custom PostingListDeSerializer
Custom PostingListDeSerializer
Custom PostingListDeSerializer
Custom PostingListDeSerializer
Custom PostingListDeSerializer
Custom IndexDeSerializer
Custom PostingListDeSerializer
Custom PostingListDeSerializer
Custom PostingListDeSerializer
Custom PostingListDeSerializer
Custom PostingListDeSerializer
Custom PostingListDeSerializer
Custom PostingListDeSerializer
Custom PostingListDeSerializer
Custom PostingListDeSerializer
Custom PostingListDeSerializer
Custom PostingListDeSerializer
Custom PostingListDeSerializer
Custom PostingListDeSerializer
PASSED: testTestToString(docIdToDocPathMapping: 
0->D:\IdeaWorkspace\SeachEngine\text\1.txt
1->D:\IdeaWorkspace\SeachEngine\text\2.txt
2->D:\IdeaWorkspace\SeachEngine\text\3.txt
termToPostingListMapping: 
activity->docID: 0, freq: 3, positions: [0, 1, 6]
docID: 1, freq: 1, positions: [0]

benefits->docID: 0, freq: 2, positions: [2, 7]
docID: 1, freq: 1, positions: [10]

capital->docID: 0, freq: 2, positions: [3, 8]
docID: 1, freq: 1, positions: [7]

destination->docID: 0, freq: 2, positions: [4, 9]
docID: 1, freq: 1, positions: [1]

emergency->docID: 0, freq: 1, positions: [10]
docID: 1, freq: 1, positions: [2]

fizzy->docID: 0, freq: 1, positions: [5]

frozen->docID: 1, freq: 2, positions: [9, 14]

google->docID: 1, freq: 2, positions: [11, 15]

marketplace->docID: 2, freq: 1, positions: [0]

medical->docID: 2, freq: 1, positions: [1]

notification->docID: 2, freq: 1, positions: [3]

peninsula->docID: 2, freq: 1, positions: [5]

pollution->docID: 2, freq: 1, positions: [7]

, [Ljava.lang.String;@7a67e3c6)
PASSED: testAddDocument([Lhust.cs.javacourse.search.index.AbstractIndex;@7b205dbd, docID: 1
docPath: D:\IdeaWorkspace\SeachEngine/text/2.txt
tuples: 
term: activity, freq: 1, curPos: 0
term: destination, freq: 1, curPos: 1
term: emergency, freq: 1, curPos: 2
term: capital, freq: 1, curPos: 7
term: frozen, freq: 1, curPos: 9
term: benefits, freq: 1, curPos: 10
term: google, freq: 1, curPos: 11
term: frozen, freq: 1, curPos: 14
term: google, freq: 1, curPos: 15
)
PASSED: testLoad(docIdToDocPathMapping: 
0->D:\IdeaWorkspace\SeachEngine\text\1.txt
1->D:\IdeaWorkspace\SeachEngine\text\2.txt
2->D:\IdeaWorkspace\SeachEngine\text\3.txt
termToPostingListMapping: 
activity->docID: 0, freq: 3, positions: [0, 1, 6]
docID: 1, freq: 1, positions: [0]

benefits->docID: 0, freq: 2, positions: [2, 7]
docID: 1, freq: 1, positions: [10]

capital->docID: 0, freq: 2, positions: [3, 8]
docID: 1, freq: 1, positions: [7]

destination->docID: 0, freq: 2, positions: [4, 9]
docID: 1, freq: 1, positions: [1]

emergency->docID: 0, freq: 1, positions: [10]
docID: 1, freq: 1, positions: [2]

fizzy->docID: 0, freq: 1, positions: [5]

frozen->docID: 1, freq: 2, positions: [9, 14]

google->docID: 1, freq: 2, positions: [11, 15]

marketplace->docID: 2, freq: 1, positions: [0]

medical->docID: 2, freq: 1, positions: [1]

notification->docID: 2, freq: 1, positions: [3]

peninsula->docID: 2, freq: 1, positions: [5]

pollution->docID: 2, freq: 1, positions: [7]

, "/C:/Users/Owner/code/JAVA/LAB/JavaExperiment/run/test/config/..//index/index_1_2_3_txt.dat")
PASSED: testSave(docIdToDocPathMapping: 
0->D:\IdeaWorkspace\SeachEngine\text\1.txt
1->D:\IdeaWorkspace\SeachEngine\text\2.txt
2->D:\IdeaWorkspace\SeachEngine\text\3.txt
termToPostingListMapping: 
activity->docID: 0, freq: 3, positions: [0, 1, 6]
docID: 1, freq: 1, positions: [0]

benefits->docID: 0, freq: 2, positions: [2, 7]
docID: 1, freq: 1, positions: [10]

capital->docID: 0, freq: 2, positions: [3, 8]
docID: 1, freq: 1, positions: [7]

destination->docID: 0, freq: 2, positions: [4, 9]
docID: 1, freq: 1, positions: [1]

emergency->docID: 0, freq: 1, positions: [10]
docID: 1, freq: 1, positions: [2]

fizzy->docID: 0, freq: 1, positions: [5]

frozen->docID: 1, freq: 2, positions: [9, 14]

google->docID: 1, freq: 2, positions: [11, 15]

marketplace->docID: 2, freq: 1, positions: [0]

medical->docID: 2, freq: 1, positions: [1]

notification->docID: 2, freq: 1, positions: [3]

peninsula->docID: 2, freq: 1, positions: [5]

pollution->docID: 2, freq: 1, positions: [7]

, "/C:/Users/Owner/code/JAVA/LAB/JavaExperiment/run/test/config/..//index/index_1_2_3_txt.dat")
PASSED: testSearch(docIdToDocPathMapping: 
0->D:\IdeaWorkspace\SeachEngine\text\1.txt
1->D:\IdeaWorkspace\SeachEngine\text\2.txt
2->D:\IdeaWorkspace\SeachEngine\text\3.txt
termToPostingListMapping: 
activity->docID: 0, freq: 3, positions: [0, 1, 6]
docID: 1, freq: 1, positions: [0]

benefits->docID: 0, freq: 2, positions: [2, 7]
docID: 1, freq: 1, positions: [10]

capital->docID: 0, freq: 2, positions: [3, 8]
docID: 1, freq: 1, positions: [7]

destination->docID: 0, freq: 2, positions: [4, 9]
docID: 1, freq: 1, positions: [1]

emergency->docID: 0, freq: 1, positions: [10]
docID: 1, freq: 1, positions: [2]

fizzy->docID: 0, freq: 1, positions: [5]

frozen->docID: 1, freq: 2, positions: [9, 14]

google->docID: 1, freq: 2, positions: [11, 15]

marketplace->docID: 2, freq: 1, positions: [0]

medical->docID: 2, freq: 1, positions: [1]

notification->docID: 2, freq: 1, positions: [3]

peninsula->docID: 2, freq: 1, positions: [5]

pollution->docID: 2, freq: 1, positions: [7]

, docID: 0, freq: 3, positions: [0, 1, 6]
docID: 1, freq: 1, positions: [0]
)
PASSED: testGetDictionary(docIdToDocPathMapping: 
0->D:\IdeaWorkspace\SeachEngine\text\1.txt
1->D:\IdeaWorkspace\SeachEngine\text\2.txt
2->D:\IdeaWorkspace\SeachEngine\text\3.txt
termToPostingListMapping: 
activity->docID: 0, freq: 3, positions: [0, 1, 6]
docID: 1, freq: 1, positions: [0]

benefits->docID: 0, freq: 2, positions: [2, 7]
docID: 1, freq: 1, positions: [10]

capital->docID: 0, freq: 2, positions: [3, 8]
docID: 1, freq: 1, positions: [7]

destination->docID: 0, freq: 2, positions: [4, 9]
docID: 1, freq: 1, positions: [1]

emergency->docID: 0, freq: 1, positions: [10]
docID: 1, freq: 1, positions: [2]

fizzy->docID: 0, freq: 1, positions: [5]

frozen->docID: 1, freq: 2, positions: [9, 14]

google->docID: 1, freq: 2, positions: [11, 15]

marketplace->docID: 2, freq: 1, positions: [0]

medical->docID: 2, freq: 1, positions: [1]

notification->docID: 2, freq: 1, positions: [3]

peninsula->docID: 2, freq: 1, positions: [5]

pollution->docID: 2, freq: 1, positions: [7]

, [activity, benefits, capital, destination, emergency, fizzy, frozen, google, marketplace, medical, notification, peninsula, pollution])
PASSED: testWriteObject(docIdToDocPathMapping: 
0->D:\IdeaWorkspace\SeachEngine\text\1.txt
1->D:\IdeaWorkspace\SeachEngine\text\2.txt
2->D:\IdeaWorkspace\SeachEngine\text\3.txt
termToPostingListMapping: 
activity->docID: 0, freq: 3, positions: [0, 1, 6]
docID: 1, freq: 1, positions: [0]

benefits->docID: 0, freq: 2, positions: [2, 7]
docID: 1, freq: 1, positions: [10]

capital->docID: 0, freq: 2, positions: [3, 8]
docID: 1, freq: 1, positions: [7]

destination->docID: 0, freq: 2, positions: [4, 9]
docID: 1, freq: 1, positions: [1]

emergency->docID: 0, freq: 1, positions: [10]
docID: 1, freq: 1, positions: [2]

fizzy->docID: 0, freq: 1, positions: [5]

frozen->docID: 1, freq: 2, positions: [9, 14]

google->docID: 1, freq: 2, positions: [11, 15]

marketplace->docID: 2, freq: 1, positions: [0]

medical->docID: 2, freq: 1, positions: [1]

notification->docID: 2, freq: 1, positions: [3]

peninsula->docID: 2, freq: 1, positions: [5]

pollution->docID: 2, freq: 1, positions: [7]

, "/C:/Users/Owner/code/JAVA/LAB/JavaExperiment/run/test/config/..//index/index_1_2_3_txt.dat")
PASSED: testReadObject(docIdToDocPathMapping: 
0->D:\IdeaWorkspace\SeachEngine\text\1.txt
1->D:\IdeaWorkspace\SeachEngine\text\2.txt
2->D:\IdeaWorkspace\SeachEngine\text\3.txt
termToPostingListMapping: 
activity->docID: 0, freq: 3, positions: [0, 1, 6]
docID: 1, freq: 1, positions: [0]

benefits->docID: 0, freq: 2, positions: [2, 7]
docID: 1, freq: 1, positions: [10]

capital->docID: 0, freq: 2, positions: [3, 8]
docID: 1, freq: 1, positions: [7]

destination->docID: 0, freq: 2, positions: [4, 9]
docID: 1, freq: 1, positions: [1]

emergency->docID: 0, freq: 1, positions: [10]
docID: 1, freq: 1, positions: [2]

fizzy->docID: 0, freq: 1, positions: [5]

frozen->docID: 1, freq: 2, positions: [9, 14]

google->docID: 1, freq: 2, positions: [11, 15]

marketplace->docID: 2, freq: 1, positions: [0]

medical->docID: 2, freq: 1, positions: [1]

notification->docID: 2, freq: 1, positions: [3]

peninsula->docID: 2, freq: 1, positions: [5]

pollution->docID: 2, freq: 1, positions: [7]

, "/C:/Users/Owner/code/JAVA/LAB/JavaExperiment/run/test/config/..//index/index_1_2_3_txt.dat")
PASSED: testOptimize(docIdToDocPathMapping: 
0->D:\IdeaWorkspace\SeachEngine\text\1.txt
1->D:\IdeaWorkspace\SeachEngine\text\2.txt
2->D:\IdeaWorkspace\SeachEngine\text\3.txt
termToPostingListMapping: 
activity->docID: 0, freq: 3, positions: [0, 1, 6]
docID: 1, freq: 1, positions: [0]

benefits->docID: 0, freq: 2, positions: [2, 7]
docID: 1, freq: 1, positions: [10]

capital->docID: 0, freq: 2, positions: [3, 8]
docID: 1, freq: 1, positions: [7]

destination->docID: 0, freq: 2, positions: [4, 9]
docID: 1, freq: 1, positions: [1]

emergency->docID: 0, freq: 1, positions: [10]
docID: 1, freq: 1, positions: [2]

fizzy->docID: 0, freq: 1, positions: [5]

frozen->docID: 1, freq: 2, positions: [9, 14]

google->docID: 1, freq: 2, positions: [11, 15]

marketplace->docID: 2, freq: 1, positions: [0]

medical->docID: 2, freq: 1, positions: [1]

notification->docID: 2, freq: 1, positions: [3]

peninsula->docID: 2, freq: 1, positions: [5]

pollution->docID: 2, freq: 1, positions: [7]

, docIdToDocPathMapping: 
0->D:\IdeaWorkspace\SeachEngine\text\1.txt
1->D:\IdeaWorkspace\SeachEngine\text\2.txt
2->D:\IdeaWorkspace\SeachEngine\text\3.txt
termToPostingListMapping: 
activity->docID: 0, freq: 3, positions: [0, 1, 6]
docID: 1, freq: 1, positions: [0]

benefits->docID: 0, freq: 2, positions: [2, 7]
docID: 1, freq: 1, positions: [10]

capital->docID: 0, freq: 2, positions: [3, 8]
docID: 1, freq: 1, positions: [7]

destination->docID: 0, freq: 2, positions: [4, 9]
docID: 1, freq: 1, positions: [1]

emergency->docID: 0, freq: 1, positions: [10]
docID: 1, freq: 1, positions: [2]

fizzy->docID: 0, freq: 1, positions: [5]

frozen->docID: 1, freq: 2, positions: [9, 14]

google->docID: 1, freq: 2, positions: [11, 15]

marketplace->docID: 2, freq: 1, positions: [0]

medical->docID: 2, freq: 1, positions: [1]

notification->docID: 2, freq: 1, positions: [3]

peninsula->docID: 2, freq: 1, positions: [5]

pollution->docID: 2, freq: 1, positions: [7]

)
PASSED: testGetDocName(docIdToDocPathMapping: 
0->D:\IdeaWorkspace\SeachEngine\text\1.txt
1->D:\IdeaWorkspace\SeachEngine\text\2.txt
2->D:\IdeaWorkspace\SeachEngine\text\3.txt
termToPostingListMapping: 
activity->docID: 0, freq: 3, positions: [0, 1, 6]
docID: 1, freq: 1, positions: [0]

benefits->docID: 0, freq: 2, positions: [2, 7]
docID: 1, freq: 1, positions: [10]

capital->docID: 0, freq: 2, positions: [3, 8]
docID: 1, freq: 1, positions: [7]

destination->docID: 0, freq: 2, positions: [4, 9]
docID: 1, freq: 1, positions: [1]

emergency->docID: 0, freq: 1, positions: [10]
docID: 1, freq: 1, positions: [2]

fizzy->docID: 0, freq: 1, positions: [5]

frozen->docID: 1, freq: 2, positions: [9, 14]

google->docID: 1, freq: 2, positions: [11, 15]

marketplace->docID: 2, freq: 1, positions: [0]

medical->docID: 2, freq: 1, positions: [1]

notification->docID: 2, freq: 1, positions: [3]

peninsula->docID: 2, freq: 1, positions: [5]

pollution->docID: 2, freq: 1, positions: [7]

, [Ljava.lang.String;@106cc338)

===============================================
    D:/IdeaWorkspace/SeachEngine/test/hust/cs/javacourse/search/index/IndexTest.java
    Tests run: 10, Failures: 0, Skips: 0
===============================================

Custom IndexDeSerializer
Custom PostingListDeSerializer
Custom PostingListDeSerializer
Custom PostingListDeSerializer
Custom PostingListDeSerializer
Custom PostingListDeSerializer
Custom PostingListDeSerializer
Custom PostingListDeSerializer
Custom PostingListDeSerializer
Custom PostingListDeSerializer
Custom PostingListDeSerializer
Custom PostingListDeSerializer
Custom PostingListDeSerializer
Custom PostingListDeSerializer
PASSED: testBuildIndex(docIdToDocPathMapping: 
0->C:\Users\Owner\code\JAVA\LAB\JavaExperiment\run\test\text\1.txt
1->C:\Users\Owner\code\JAVA\LAB\JavaExperiment\run\test\text\2.txt
2->C:\Users\Owner\code\JAVA\LAB\JavaExperiment\run\test\text\3.txt
termToPostingListMapping: 
activity->docID: 0, freq: 3, positions: [0, 1, 6]
docID: 1, freq: 1, positions: [0]

benefits->docID: 0, freq: 2, positions: [2, 7]
docID: 1, freq: 1, positions: [10]

capital->docID: 0, freq: 2, positions: [3, 8]
docID: 1, freq: 1, positions: [7]

destination->docID: 0, freq: 2, positions: [4, 9]
docID: 1, freq: 1, positions: [1]

emergency->docID: 0, freq: 1, positions: [10]
docID: 1, freq: 1, positions: [2]

fizzy->docID: 0, freq: 1, positions: [5]

frozen->docID: 1, freq: 2, positions: [9, 14]

google->docID: 1, freq: 2, positions: [11, 15]

marketplace->docID: 2, freq: 1, positions: [0]

medical->docID: 2, freq: 1, positions: [1]

notification->docID: 2, freq: 1, positions: [3]

peninsula->docID: 2, freq: 1, positions: [5]

pollution->docID: 2, freq: 1, positions: [7]

, docIdToDocPathMapping: 
0->D:\IdeaWorkspace\SeachEngine\text\1.txt
1->D:\IdeaWorkspace\SeachEngine\text\2.txt
2->D:\IdeaWorkspace\SeachEngine\text\3.txt
termToPostingListMapping: 
activity->docID: 0, freq: 3, positions: [0, 1, 6]
docID: 1, freq: 1, positions: [0]

benefits->docID: 0, freq: 2, positions: [2, 7]
docID: 1, freq: 1, positions: [10]

capital->docID: 0, freq: 2, positions: [3, 8]
docID: 1, freq: 1, positions: [7]

destination->docID: 0, freq: 2, positions: [4, 9]
docID: 1, freq: 1, positions: [1]

emergency->docID: 0, freq: 1, positions: [10]
docID: 1, freq: 1, positions: [2]

fizzy->docID: 0, freq: 1, positions: [5]

frozen->docID: 1, freq: 2, positions: [9, 14]

google->docID: 1, freq: 2, positions: [11, 15]

marketplace->docID: 2, freq: 1, positions: [0]

medical->docID: 2, freq: 1, positions: [1]

notification->docID: 2, freq: 1, positions: [3]

peninsula->docID: 2, freq: 1, positions: [5]

pollution->docID: 2, freq: 1, positions: [7]

)

===============================================
    D:/IdeaWorkspace/SeachEngine/test/hust/cs/javacourse/search/index/IndexBuilderTest.java
    Tests run: 1, Failures: 0, Skips: 0
===============================================

Custom HitDeSerializer
Custom PostingDeSerializer
Custom HitDeSerializer
Custom PostingDeSerializer
Custom HitDeSerializer
Custom PostingDeSerializer
Custom HitDeSerializer
Custom PostingDeSerializer
Custom HitDeSerializer
Custom PostingDeSerializer
Custom HitDeSerializer
Custom PostingDeSerializer
Custom HitDeSerializer
Custom PostingDeSerializer
Custom HitDeSerializer
Custom PostingDeSerializer
Custom HitDeSerializer
Custom PostingDeSerializer
Custom HitDeSerializer
Custom PostingDeSerializer
Custom HitDeSerializer
Custom PostingDeSerializer
Custom HitDeSerializer
Custom PostingDeSerializer
Custom HitDeSerializer
Custom PostingDeSerializer
Custom HitDeSerializer
Custom PostingDeSerializer
Custom HitDeSerializer
Custom PostingDeSerializer
Custom HitDeSerializer
Custom PostingDeSerializer
Custom HitDeSerializer
Custom PostingDeSerializer
Custom HitDeSerializer
Custom PostingDeSerializer
PASSED: testGetDocId(docId: 0
docPath: D:\IdeaWorkspace\SeachEngine\text\1.txt
score: -3.0
content: activity activity benefits capital  destination


fizzy activity benefits capital destination emergency

2005 12-31 F16 the from  Pseudopseudohypoparathyroidism
termPostingMapping: 
activity->docID: 0, freq: 3, positions: [0, 1, 6]
, 0)
PASSED: testGetDocId(docId: 1
docPath: D:\IdeaWorkspace\SeachEngine\text\2.txt
score: -1.0
content: activity   destination emergency
26%  U571 because hence capital i 

frozen benefits google hahahahahahahahahahahahah ha frozen google
termPostingMapping: 
activity->docID: 1, freq: 1, positions: [0]
, 1)
PASSED: testGetDocPath(docId: 0
docPath: D:\IdeaWorkspace\SeachEngine\text\1.txt
score: -3.0
content: activity activity benefits capital  destination


fizzy activity benefits capital destination emergency

2005 12-31 F16 the from  Pseudopseudohypoparathyroidism
termPostingMapping: 
activity->docID: 0, freq: 3, positions: [0, 1, 6]
, "D:\IdeaWorkspace\SeachEngine\text\1.txt")
PASSED: testGetDocPath(docId: 1
docPath: D:\IdeaWorkspace\SeachEngine\text\2.txt
score: -1.0
content: activity   destination emergency
26%  U571 because hence capital i 

frozen benefits google hahahahahahahahahahahahah ha frozen google
termPostingMapping: 
activity->docID: 1, freq: 1, positions: [0]
, "D:\IdeaWorkspace\SeachEngine\text\2.txt")
PASSED: testGetContent(docId: 0
docPath: D:\IdeaWorkspace\SeachEngine\text\1.txt
score: -3.0
content: activity activity benefits capital  destination


fizzy activity benefits capital destination emergency

2005 12-31 F16 the from  Pseudopseudohypoparathyroidism
termPostingMapping: 
activity->docID: 0, freq: 3, positions: [0, 1, 6]
, "activity activity benefits capital  destination


fizzy activity benefits capital destination emergency

2005 12-31 F16 the from  Pseudopseudohypoparathyroidism")
PASSED: testGetContent(docId: 1
docPath: D:\IdeaWorkspace\SeachEngine\text\2.txt
score: -1.0
content: activity   destination emergency
26%  U571 because hence capital i 

frozen benefits google hahahahahahahahahahahahah ha frozen google
termPostingMapping: 
activity->docID: 1, freq: 1, positions: [0]
, "activity   destination emergency
26%  U571 because hence capital i 

frozen benefits google hahahahahahahahahahahahah ha frozen google")
PASSED: testSetContent(docId: 0
docPath: D:\IdeaWorkspace\SeachEngine\text\1.txt
score: -3.0
content: new content1
termPostingMapping: 
activity->docID: 0, freq: 3, positions: [0, 1, 6]
, "new content1")
PASSED: testSetContent(docId: 1
docPath: D:\IdeaWorkspace\SeachEngine\text\2.txt
score: -1.0
content: new content2
termPostingMapping: 
activity->docID: 1, freq: 1, positions: [0]
, "new content2")
PASSED: testGetScore(docId: 0
docPath: D:\IdeaWorkspace\SeachEngine\text\1.txt
score: -3.0
content: activity activity benefits capital  destination


fizzy activity benefits capital destination emergency

2005 12-31 F16 the from  Pseudopseudohypoparathyroidism
termPostingMapping: 
activity->docID: 0, freq: 3, positions: [0, 1, 6]
, -3.0)
PASSED: testGetScore(docId: 1
docPath: D:\IdeaWorkspace\SeachEngine\text\2.txt
score: -1.0
content: activity   destination emergency
26%  U571 because hence capital i 

frozen benefits google hahahahahahahahahahahahah ha frozen google
termPostingMapping: 
activity->docID: 1, freq: 1, positions: [0]
, -1.0)
PASSED: testSetScore(docId: 0
docPath: D:\IdeaWorkspace\SeachEngine\text\1.txt
score: 3.0
content: activity activity benefits capital  destination


fizzy activity benefits capital destination emergency

2005 12-31 F16 the from  Pseudopseudohypoparathyroidism
termPostingMapping: 
activity->docID: 0, freq: 3, positions: [0, 1, 6]
, 3.0)
PASSED: testSetScore(docId: 1
docPath: D:\IdeaWorkspace\SeachEngine\text\2.txt
score: 1.0
content: activity   destination emergency
26%  U571 because hence capital i 

frozen benefits google hahahahahahahahahahahahah ha frozen google
termPostingMapping: 
activity->docID: 1, freq: 1, positions: [0]
, 1.0)
PASSED: testGetTermPostingMapping(docId: 0
docPath: D:\IdeaWorkspace\SeachEngine\text\1.txt
score: -3.0
content: activity activity benefits capital  destination


fizzy activity benefits capital destination emergency

2005 12-31 F16 the from  Pseudopseudohypoparathyroidism
termPostingMapping: 
activity->docID: 0, freq: 3, positions: [0, 1, 6]
, 1)
PASSED: testGetTermPostingMapping(docId: 1
docPath: D:\IdeaWorkspace\SeachEngine\text\2.txt
score: -1.0
content: activity   destination emergency
26%  U571 because hence capital i 

frozen benefits google hahahahahahahahahahahahah ha frozen google
termPostingMapping: 
activity->docID: 1, freq: 1, positions: [0]
, 1)
PASSED: testTestToString(docId: 0
docPath: D:\IdeaWorkspace\SeachEngine\text\1.txt
score: -3.0
content: activity activity benefits capital  destination


fizzy activity benefits capital destination emergency

2005 12-31 F16 the from  Pseudopseudohypoparathyroidism
termPostingMapping: 
activity->docID: 0, freq: 3, positions: [0, 1, 6]
, [Ljava.lang.String;@5ce8d869)
PASSED: testCompareTo([Lhust.cs.javacourse.search.query.AbstractHit;@466276d8, -2)

===============================================
    D:/IdeaWorkspace/SeachEngine/test/hust/cs/javacourse/search/query/HitTest.java
    Tests run: 16, Failures: 0, Skips: 0
===============================================

Custom HitDeSerializer
Custom PostingDeSerializer
Custom HitDeSerializer
Custom PostingDeSerializer
Custom HitDeSerializer
Custom PostingDeSerializer
Custom HitDeSerializer
Custom PostingDeSerializer
Custom HitDeSerializer
Custom PostingDeSerializer
Custom HitDeSerializer
Custom PostingDeSerializer
Custom PostingDeSerializer
Custom HitDeSerializer
Custom PostingDeSerializer
Custom HitDeSerializer
Custom PostingDeSerializer
Custom HitDeSerializer
Custom PostingDeSerializer
Custom PostingDeSerializer
PASSED: testSearch([Lhust.cs.javacourse.search.query.AbstractHit;@6ad3381f, [Lhust.cs.javacourse.search.query.AbstractHit;@53dbe163)
PASSED: testSearch([Lhust.cs.javacourse.search.query.AbstractHit;@db57326, [Lhust.cs.javacourse.search.query.AbstractHit;@34a875b3)
PASSED: testTestSearch([Lhust.cs.javacourse.search.query.AbstractHit;@4748a0f9, [Lhust.cs.javacourse.search.query.AbstractHit;@4b14918a)

===============================================
    D:/IdeaWorkspace/SeachEngine/test/hust/cs/javacourse/search/query/IndexSearcherTest.java
    Tests run: 3, Failures: 0, Skips: 0
===============================================


===============================================
All Test Suite
Total tests run: 101, Failures: 0, Skips: 2
===============================================

